// Jest Snapshot v1, https://goo.gl/fbAQLP

exports[`<Profile /> matches snapshot 1`] = `
<div>
  <div>
    <b>
      test
    </b>
    <span>
      (
      test1
      )
    </span>
  </div>
</div>
`;
